// Jest Snapshot v1, https://goo.gl/fbAQLP

exports[`Footer Then renders correctly 1`] = `
<div class="footer">
  <div class="site-trunk footer_container">
    <contactinfo-stub class="footer__contact"></contactinfo-stub>
    <div class="footer__leagal"><span>Copyright Â© Introl 1999. All rights reserved.</span></div>
  </div>
</div>
`;
