// Jest Snapshot v1, https://goo.gl/fbAQLP

exports[`InfoCard GIVEN initial state THEN renders correctly 1`] = `
<div class="info-card">
  <div class="info-card__header"><span>Test header</span></div>
  <div class="info-card__body"><span>Test body</span></div>
</div>
`;
